I'm sorry, but errors were detected in your script. Please correct the
errors listed below, and try again.


File "game/script.rpy", line 296: unterminated string literal
    image saveload_ground = "gui\overlay\game_menu.png""

Ren'Py Version: Ren'Py 8.5.2.26010301
Thu Jan 22 13:54:26 2026
